[15-Aug-2025 18:07:44 Europe/Berlin] PHP Warning:  Undefined variable $pdo in C:\xampp\htdocs\usuarios\usuarios.php on line 15
[15-Aug-2025 18:07:44 Europe/Berlin] PHP Fatal error:  Uncaught Error: Call to a member function query() on null in C:\xampp\htdocs\usuarios\usuarios.php:15
Stack trace:
#0 {main}
  thrown in C:\xampp\htdocs\usuarios\usuarios.php on line 15
[15-Aug-2025 18:08:12 Europe/Berlin] PHP Warning:  Undefined variable $pdo in C:\xampp\htdocs\usuarios\usuarios.php on line 15
[15-Aug-2025 18:08:12 Europe/Berlin] PHP Fatal error:  Uncaught Error: Call to a member function query() on null in C:\xampp\htdocs\usuarios\usuarios.php:15
Stack trace:
#0 {main}
  thrown in C:\xampp\htdocs\usuarios\usuarios.php on line 15
[15-Aug-2025 18:11:31 Europe/Berlin] [loginUsuario] json_decode error: Syntax error | raw: { email:santyquon@gmail.com, password:password123 }
[15-Aug-2025 18:11:31 Europe/Berlin] [loginUsuario] Body vacío. raw-length=51
[15-Aug-2025 18:12:38 Europe/Berlin] [loginUsuario] email=santyquon@gmail.com | pass-len=11
[24-Aug-2025 01:19:09 Europe/Berlin] [loginUsuario] email=santyquon@gmail.com | pass-len=11
[28-Aug-2025 02:16:16 Europe/Berlin] [loginUsuario] email=santyquon@gmail.com | pass-len=11
[30-Aug-2025 02:38:51 Europe/Berlin] [loginUsuario] email=santyquon@gmail.com | pass-len=11
[30-Aug-2025 02:38:57 Europe/Berlin] [loginUsuario] email=santyquon@gmail.com | pass-len=11
[30-Aug-2025 15:47:54 Europe/Berlin] [loginUsuario] email=carlos.lopez@example.com | pass-len=11
[30-Aug-2025 15:50:39 Europe/Berlin] [loginUsuario] email=carlos.lopez@example.com | pass-len=8
[30-Aug-2025 15:51:05 Europe/Berlin] [loginUsuario] email=carlos.lopez@example.com | pass-len=11
[30-Aug-2025 15:54:38 Europe/Berlin] [loginUsuario] email=carlos.lopez@example.com | pass-len=11
[06-Sep-2025 02:56:50 Europe/Berlin] PHP Warning:  Undefined variable $w2 in C:\xampp\htdocs\usuarios\usuarios.php on line 100
[06-Sep-2025 02:57:16 Europe/Berlin] PHP Warning:  Undefined variable $w2 in C:\xampp\htdocs\usuarios\usuarios.php on line 100
[06-Sep-2025 02:57:48 Europe/Berlin] PHP Warning:  Undefined variable $w2 in C:\xampp\htdocs\usuarios\usuarios.php on line 100
[09-Oct-2025 01:51:08 Europe/Berlin] PHP Fatal error:  Uncaught PDOException: SQLSTATE[42S22]: Column not found: 1054 Unknown column 'id_aplicacion' in 'field list' in C:\xampp\htdocs\usuarios\clonar_jugadas.php:83
Stack trace:
#0 C:\xampp\htdocs\usuarios\clonar_jugadas.php(83): PDO->prepare('SELECT id_aplic...')
#1 C:\xampp\htdocs\usuarios\clonar_jugadas.php(124): firstLastDatesByApp(51, NULL, NULL)
#2 {main}
  thrown in C:\xampp\htdocs\usuarios\clonar_jugadas.php on line 83
[09-Oct-2025 01:51:25 Europe/Berlin] PHP Fatal error:  Uncaught PDOException: SQLSTATE[42S22]: Column not found: 1054 Unknown column 'id_aplicacion' in 'field list' in C:\xampp\htdocs\usuarios\clonar_jugadas.php:83
Stack trace:
#0 C:\xampp\htdocs\usuarios\clonar_jugadas.php(83): PDO->prepare('SELECT id_aplic...')
#1 C:\xampp\htdocs\usuarios\clonar_jugadas.php(124): firstLastDatesByApp(51, NULL, NULL)
#2 {main}
  thrown in C:\xampp\htdocs\usuarios\clonar_jugadas.php on line 83
[09-Oct-2025 01:51:39 Europe/Berlin] PHP Fatal error:  Uncaught PDOException: SQLSTATE[42S22]: Column not found: 1054 Unknown column 'id_aplicacion' in 'field list' in C:\xampp\htdocs\usuarios\clonar_jugadas.php:83
Stack trace:
#0 C:\xampp\htdocs\usuarios\clonar_jugadas.php(83): PDO->prepare('SELECT id_aplic...')
#1 C:\xampp\htdocs\usuarios\clonar_jugadas.php(124): firstLastDatesByApp(51, NULL, NULL)
#2 {main}
  thrown in C:\xampp\htdocs\usuarios\clonar_jugadas.php on line 83
[09-Oct-2025 01:58:36 Europe/Berlin] PHP Fatal error:  Uncaught PDOException: SQLSTATE[42S22]: Column not found: 1054 Unknown column 'id_usuario_medico' in 'field list' in C:\xampp\htdocs\usuarios\clonar_jugadas.php:111
Stack trace:
#0 C:\xampp\htdocs\usuarios\clonar_jugadas.php(111): PDO->prepare('SELECT id_juego...')
#1 {main}
  thrown in C:\xampp\htdocs\usuarios\clonar_jugadas.php on line 111
[09-Oct-2025 01:58:42 Europe/Berlin] PHP Fatal error:  Uncaught PDOException: SQLSTATE[42S22]: Column not found: 1054 Unknown column 'id_usuario_medico' in 'field list' in C:\xampp\htdocs\usuarios\clonar_jugadas.php:111
Stack trace:
#0 C:\xampp\htdocs\usuarios\clonar_jugadas.php(111): PDO->prepare('SELECT id_juego...')
#1 {main}
  thrown in C:\xampp\htdocs\usuarios\clonar_jugadas.php on line 111
[09-Oct-2025 01:59:04 Europe/Berlin] PHP Fatal error:  Uncaught PDOException: SQLSTATE[42S22]: Column not found: 1054 Unknown column 'id_usuario_medico' in 'field list' in C:\xampp\htdocs\usuarios\clonar_jugadas.php:111
Stack trace:
#0 C:\xampp\htdocs\usuarios\clonar_jugadas.php(111): PDO->prepare('SELECT id_juego...')
#1 {main}
  thrown in C:\xampp\htdocs\usuarios\clonar_jugadas.php on line 111
[09-Oct-2025 02:01:56 Europe/Berlin] PHP Fatal error:  Uncaught PDOException: SQLSTATE[42S22]: Column not found: 1054 Unknown column 'id_usuario_medico' in 'field list' in C:\xampp\htdocs\usuarios\clonar_jugadas.php:111
Stack trace:
#0 C:\xampp\htdocs\usuarios\clonar_jugadas.php(111): PDO->prepare('SELECT id_juego...')
#1 {main}
  thrown in C:\xampp\htdocs\usuarios\clonar_jugadas.php on line 111
[09-Oct-2025 02:02:25 Europe/Berlin] PHP Fatal error:  Uncaught PDOException: SQLSTATE[42S22]: Column not found: 1054 Unknown column 'id_usuario_medico' in 'field list' in C:\xampp\htdocs\usuarios\clonar_jugadas.php:150
Stack trace:
#0 C:\xampp\htdocs\usuarios\clonar_jugadas.php(150): PDO->prepare('SELECT id_juego...')
#1 {main}
  thrown in C:\xampp\htdocs\usuarios\clonar_jugadas.php on line 150
[09-Oct-2025 02:08:48 Europe/Berlin] PHP Fatal error:  Uncaught PDOException: SQLSTATE[42S22]: Column not found: 1054 Unknown column 'id_usuario_medico' in 'field list' in C:\xampp\htdocs\usuarios\clonar_jugadas.php:150
Stack trace:
#0 C:\xampp\htdocs\usuarios\clonar_jugadas.php(150): PDO->prepare('SELECT id_juego...')
#1 {main}
  thrown in C:\xampp\htdocs\usuarios\clonar_jugadas.php on line 150
[09-Oct-2025 02:08:49 Europe/Berlin] PHP Fatal error:  Uncaught PDOException: SQLSTATE[42S22]: Column not found: 1054 Unknown column 'id_usuario_medico' in 'field list' in C:\xampp\htdocs\usuarios\clonar_jugadas.php:150
Stack trace:
#0 C:\xampp\htdocs\usuarios\clonar_jugadas.php(150): PDO->prepare('SELECT id_juego...')
#1 {main}
  thrown in C:\xampp\htdocs\usuarios\clonar_jugadas.php on line 150
[09-Oct-2025 02:08:49 Europe/Berlin] PHP Fatal error:  Uncaught PDOException: SQLSTATE[42S22]: Column not found: 1054 Unknown column 'id_usuario_medico' in 'field list' in C:\xampp\htdocs\usuarios\clonar_jugadas.php:150
Stack trace:
#0 C:\xampp\htdocs\usuarios\clonar_jugadas.php(150): PDO->prepare('SELECT id_juego...')
#1 {main}
  thrown in C:\xampp\htdocs\usuarios\clonar_jugadas.php on line 150
[09-Oct-2025 02:08:49 Europe/Berlin] PHP Fatal error:  Uncaught PDOException: SQLSTATE[42S22]: Column not found: 1054 Unknown column 'id_usuario_medico' in 'field list' in C:\xampp\htdocs\usuarios\clonar_jugadas.php:150
Stack trace:
#0 C:\xampp\htdocs\usuarios\clonar_jugadas.php(150): PDO->prepare('SELECT id_juego...')
#1 {main}
  thrown in C:\xampp\htdocs\usuarios\clonar_jugadas.php on line 150
[09-Oct-2025 02:08:49 Europe/Berlin] PHP Fatal error:  Uncaught PDOException: SQLSTATE[42S22]: Column not found: 1054 Unknown column 'id_usuario_medico' in 'field list' in C:\xampp\htdocs\usuarios\clonar_jugadas.php:150
Stack trace:
#0 C:\xampp\htdocs\usuarios\clonar_jugadas.php(150): PDO->prepare('SELECT id_juego...')
#1 {main}
  thrown in C:\xampp\htdocs\usuarios\clonar_jugadas.php on line 150
